                                                                                
                                                                                
                                                                                
                                                                                
                                                                                
                                   XXX   XXX                                    
                                                                                
                                 X    X X    X                                  
                                 X    X X    X                                  
                                 X    X X    X                                  
                                   XXX   XXX                                    
                                                                                
                                   XXX   XXX                                    
                                 X    X X    X                                  
                                 X    X X    X                                  
                                 X    X X    X                                  
                                                                                
                                   XXX   XXX                                    
                                                                                
                                                                                
                                                                                
                                                                                
                                                                                
                                                                                
                                                                                
                                                                                
                                                                                
                                                                                
                                    X     X                                     
                                    X     X                                     
                                    XX   XX                                     
                                                                                
                                XXX  XX XX  XXX                                 
                                  X X X X X X                                   
                                    XX   XX                                     
                                                                                
                                    XX   XX                                     
                                  X X X X X X                                   
                                XXX  XX XX  XXX                                 
                                                                                
                                    XX   XX                                     
                                    X     X                                     
                                    X     X                                     
                                                                                
                                                                                
                                                                                
                                                                                
                                                                                
                                                                                
                                                                                
                                                                                
                                                                                
                                                                                
                                   XX     XX                                    
                                    XX   XX                                     
                                 X  X X X X  X                                  
                                 XXX XX XX XXX                                  
                                  X X X X X X                                   
                                   XXX   XXX                                    
                                                                                
                                   XXX   XXX                                    
                                  X X X X X X                                   
                                 XXX XX XX XXX                                  
                                 X  X X X X  X                                  
                                    XX   XX                                     
                                   XX     XX                                    
                                                                                
                                                                                
                                                                                
                                                                                
                                                                                
                                                                                
                                                                                
                                                                                
                                                                                
                                                                                
                                                                                
                                   XXX   XXX                                    
                                                                                
                                 X    X X    X                                  
                                 X    X X    X                                  
                                 X    X X    X                                  
                                   XXX   XXX                                    
                                                                                
                                   XXX   XXX                                    
                                 X    X X    X                                  
                                 X    X X    X                                  
                                 X    X X    X                                  
                                                                                
                                   XXX   XXX                                    
                                                                                
                                                                                
                                                                                
                                                                                
                                                                                
                                                                                
